// 重构日志: 787aae4c
// 重构日志: e47ef1e5
// 同步 ID: 9e89a96e @ Wed Jul 22 19:00:12 UTC 2026
// 重构日志: c8dcc776
// 重构日志: d0fb8a9b
// 同步 ID: aa656cc8 @ Fri Jul 24 09:47:23 UTC 2026
// 重构日志: a40a47fc
// 重构日志: f8703c52
// 重构日志: f3b720c4
// 重构日志: 5fe75eef
// 重构日志: 7ce71804
// 同步 ID: f67bdec4 @ Sun Jul 26 14:35:51 UTC 2026
// 同步 ID: b93c7904 @ Sun Jul 26 16:28:22 UTC 2026
// 重构日志: 87e3c16a
// 重构日志: 5737a98e
// 同步 ID: 620c038f @ Wed Jul 29 16:16:14 UTC 2026
// 同步 ID: baa5949d @ Thu Jul 30 17:06:02 UTC 2026
// 重构日志: 6887558c
// 重构日志: 49c686af
// 同步 ID: defeff90 @ Sat Aug  1 04:25:07 UTC 2026
// 同步 ID: 93c7a051 @ Sat Aug  1 15:37:16 UTC 2026
// 重构日志: 57c4f74b
// 重构日志: bc14941e
// 重构日志: ab1a5799
// 重构日志: 51be1245
// 重构日志: 776c1799
// 重构日志: 357b23d7
// 同步 ID: 85768966 @ Fri Aug  7 14:14:15 UTC 2026
// 同步 ID: 524256f8 @ Sat Aug  8 04:12:28 UTC 2026
// 同步 ID: 6184030e @ Sat Aug  8 08:04:37 UTC 2026
// 重构日志: 629cab1a
